{"type":"server-started","port":59537,"host":"127.0.0.1","url_host":"localhost","url":"http://localhost:59537","screen_dir":"/Users/didi/code/trader/.superpowers/brainstorm/40359-1778484893/content","state_dir":"/Users/didi/code/trader/.superpowers/brainstorm/40359-1778484893/state"}
{"type":"screen-added","file":"/Users/didi/code/trader/.superpowers/brainstorm/40359-1778484893/content/scope-phasing.html"}
{"source":"user-event","type":"click","text":"B\n    \n      两阶段构建 ★ 推荐\n      Phase 1: 策略构建 + 回测（核心价值）→ Phase 2: 优化器 + 持仓管理\n      \n        优点Phase 1 完成后系统已可用早期验证 DSL 设计是否合理优化器基于真实回测引擎构建\n        代价Phase 1 设计需提前预留扩展点","choice":"b","id":null,"timestamp":1778485039060}
{"source":"user-event","type":"click","text":"B\n    \n      两阶段构建 ★ 推荐\n      Phase 1: 策略构建 + 回测（核心价值）→ Phase 2: 优化器 + 持仓管理\n      \n        优点Phase 1 完成后系统已可用早期验证 DSL 设计是否合理优化器基于真实回测引擎构建\n        代价Phase 1 设计需提前预留扩展点","choice":"b","id":null,"timestamp":1778485042593}
{"source":"user-event","type":"click","text":"B\n    \n      两阶段构建 ★ 推荐\n      Phase 1: 策略构建 + 回测（核心价值）→ Phase 2: 优化器 + 持仓管理\n      \n        优点Phase 1 完成后系统已可用早期验证 DSL 设计是否合理优化器基于真实回测引擎构建\n        代价Phase 1 设计需提前预留扩展点","choice":"b","id":null,"timestamp":1778485042793}
{"source":"user-event","type":"click","text":"B\n    \n      两阶段构建 ★ 推荐\n      Phase 1: 策略构建 + 回测（核心价值）→ Phase 2: 优化器 + 持仓管理\n      \n        优点Phase 1 完成后系统已可用早期验证 DSL 设计是否合理优化器基于真实回测引擎构建\n        代价Phase 1 设计需提前预留扩展点","choice":"b","id":null,"timestamp":1778485042992}
{"source":"user-event","type":"click","text":"B\n    \n      两阶段构建 ★ 推荐\n      Phase 1: 策略构建 + 回测（核心价值）→ Phase 2: 优化器 + 持仓管理\n      \n        优点Phase 1 完成后系统已可用早期验证 DSL 设计是否合理优化器基于真实回测引擎构建\n        代价Phase 1 设计需提前预留扩展点","choice":"b","id":null,"timestamp":1778485044659}
{"source":"user-event","type":"click","text":"B\n    \n      两阶段构建 ★ 推荐\n      Phase 1: 策略构建 + 回测（核心价值）→ Phase 2: 优化器 + 持仓管理\n      \n        优点Phase 1 完成后系统已可用早期验证 DSL 设计是否合理优化器基于真实回测引擎构建\n        代价Phase 1 设计需提前预留扩展点","choice":"b","id":null,"timestamp":1778485045246}
{"source":"user-event","type":"click","text":"B\n    \n      两阶段构建 ★ 推荐\n      Phase 1: 策略构建 + 回测（核心价值）→ Phase 2: 优化器 + 持仓管理\n      \n        优点Phase 1 完成后系统已可用早期验证 DSL 设计是否合理优化器基于真实回测引擎构建\n        代价Phase 1 设计需提前预留扩展点","choice":"b","id":null,"timestamp":1778485045419}
{"source":"user-event","type":"click","text":"B\n    \n      两阶段构建 ★ 推荐\n      Phase 1: 策略构建 + 回测（核心价值）→ Phase 2: 优化器 + 持仓管理\n      \n        优点Phase 1 完成后系统已可用早期验证 DSL 设计是否合理优化器基于真实回测引擎构建\n        代价Phase 1 设计需提前预留扩展点","choice":"b","id":null,"timestamp":1778485045819}
{"source":"user-event","type":"click","text":"B\n    \n      两阶段构建 ★ 推荐\n      Phase 1: 策略构建 + 回测（核心价值）→ Phase 2: 优化器 + 持仓管理\n      \n        优点Phase 1 完成后系统已可用早期验证 DSL 设计是否合理优化器基于真实回测引擎构建\n        代价Phase 1 设计需提前预留扩展点","choice":"b","id":null,"timestamp":1778485045993}
{"source":"user-event","type":"click","text":"B\n    \n      两阶段构建 ★ 推荐\n      Phase 1: 策略构建 + 回测（核心价值）→ Phase 2: 优化器 + 持仓管理\n      \n        优点Phase 1 完成后系统已可用早期验证 DSL 设计是否合理优化器基于真实回测引擎构建\n        代价Phase 1 设计需提前预留扩展点","choice":"b","id":null,"timestamp":1778485046446}
{"source":"user-event","type":"click","text":"B\n    \n      两阶段构建 ★ 推荐\n      Phase 1: 策略构建 + 回测（核心价值）→ Phase 2: 优化器 + 持仓管理\n      \n        优点Phase 1 完成后系统已可用早期验证 DSL 设计是否合理优化器基于真实回测引擎构建\n        代价Phase 1 设计需提前预留扩展点","choice":"b","id":null,"timestamp":1778485046886}
{"type":"screen-added","file":"/Users/didi/code/trader/.superpowers/brainstorm/40359-1778484893/content/strategy-dsl-complexity.html"}
{"source":"user-event","type":"click","text":"B\n    \n      Level 2：AND 多条件组合 ★ 推荐\n      支持多个条件 AND 组合，每个条件是\"指标 op 指标/阈值\"\n      \n        // 支持的策略示例\n        买入：MA5 金叉 MA20 AND RSI < 70 AND 成交量 > 均量1.5倍\n        卖出：MA5 死叉 MA20 OR 止损 8% OR 止盈 20%\n        \n        // 不支持\n        买入：(MA5 金叉 MA20 OR MACD 金叉) AND RSI < 70\n        买入：过去5根K线都是阳线\n      \n      \n        优点覆盖 80% 的常见量化策略结构规整，AI 生成稳定，优化器友好实现复杂度可控\n        限制不支持 OR 入场（卖出支持）不支持跨 K 线的时序条件","choice":"b","id":null,"timestamp":1778485186163}
{"source":"user-event","type":"click","text":"B\n    \n      Level 2：AND 多条件组合 ★ 推荐\n      支持多个条件 AND 组合，每个条件是\"指标 op 指标/阈值\"\n      \n        // 支持的策略示例\n        买入：MA5 金叉 MA20 AND RSI < 70 AND 成交量 > 均量1.5倍\n        卖出：MA5 死叉 MA20 OR 止损 8% OR 止盈 20%\n        \n        // 不支持\n        买入：(MA5 金叉 MA20 OR MACD 金叉) AND RSI < 70\n        买入：过去5根K线都是阳线\n      \n      \n        优点覆盖 80% 的常见量化策略结构规整，AI 生成稳定，优化器友好实现复杂度可控\n        限制不支持 OR 入场（卖出支持）不支持跨 K 线的时序条件","choice":"b","id":null,"timestamp":1778485188829}
{"source":"user-event","type":"click","text":"B\n    \n      Level 2：AND 多条件组合 ★ 推荐\n      支持多个条件 AND 组合，每个条件是\"指标 op 指标/阈值\"\n      \n        // 支持的策略示例\n        买入：MA5 金叉 MA20 AND RSI < 70 AND 成交量 > 均量1.5倍\n        卖出：MA5 死叉 MA20 OR 止损 8% OR 止盈 20%\n        \n        // 不支持\n        买入：(MA5 金叉 MA20 OR MACD 金叉) AND RSI < 70\n        买入：过去5根K线都是阳线\n      \n      \n        优点覆盖 80% 的常见量化策略结构规整，AI 生成稳定，优化器友好实现复杂度可控\n        限制不支持 OR 入场（卖出支持）不支持跨 K 线的时序条件","choice":"b","id":null,"timestamp":1778485188989}
{"source":"user-event","type":"click","text":"B\n    \n      Level 2：AND 多条件组合 ★ 推荐\n      支持多个条件 AND 组合，每个条件是\"指标 op 指标/阈值\"\n      \n        // 支持的策略示例\n        买入：MA5 金叉 MA20 AND RSI < 70 AND 成交量 > 均量1.5倍\n        卖出：MA5 死叉 MA20 OR 止损 8% OR 止盈 20%\n        \n        // 不支持\n        买入：(MA5 金叉 MA20 OR MACD 金叉) AND RSI < 70\n        买入：过去5根K线都是阳线\n      \n      \n        优点覆盖 80% 的常见量化策略结构规整，AI 生成稳定，优化器友好实现复杂度可控\n        限制不支持 OR 入场（卖出支持）不支持跨 K 线的时序条件","choice":"b","id":null,"timestamp":1778485193882}
{"source":"user-event","type":"click","text":"B\n    \n      Level 2：AND 多条件组合 ★ 推荐\n      支持多个条件 AND 组合，每个条件是\"指标 op 指标/阈值\"\n      \n        // 支持的策略示例\n        买入：MA5 金叉 MA20 AND RSI < 70 AND 成交量 > 均量1.5倍\n        卖出：MA5 死叉 MA20 OR 止损 8% OR 止盈 20%\n        \n        // 不支持\n        买入：(MA5 金叉 MA20 OR MACD 金叉) AND RSI < 70\n        买入：过去5根K线都是阳线\n      \n      \n        优点覆盖 80% 的常见量化策略结构规整，AI 生成稳定，优化器友好实现复杂度可控\n        限制不支持 OR 入场（卖出支持）不支持跨 K 线的时序条件","choice":"b","id":null,"timestamp":1778485194002}
{"source":"user-event","type":"click","text":"B\n    \n      Level 2：AND 多条件组合 ★ 推荐\n      支持多个条件 AND 组合，每个条件是\"指标 op 指标/阈值\"\n      \n        // 支持的策略示例\n        买入：MA5 金叉 MA20 AND RSI < 70 AND 成交量 > 均量1.5倍\n        卖出：MA5 死叉 MA20 OR 止损 8% OR 止盈 20%\n        \n        // 不支持\n        买入：(MA5 金叉 MA20 OR MACD 金叉) AND RSI < 70\n        买入：过去5根K线都是阳线\n      \n      \n        优点覆盖 80% 的常见量化策略结构规整，AI 生成稳定，优化器友好实现复杂度可控\n        限制不支持 OR 入场（卖出支持）不支持跨 K 线的时序条件","choice":"b","id":null,"timestamp":1778485194136}
{"source":"user-event","type":"click","text":"B\n    \n      Level 2：AND 多条件组合 ★ 推荐\n      支持多个条件 AND 组合，每个条件是\"指标 op 指标/阈值\"\n      \n        // 支持的策略示例\n        买入：MA5 金叉 MA20 AND RSI < 70 AND 成交量 > 均量1.5倍\n        卖出：MA5 死叉 MA20 OR 止损 8% OR 止盈 20%\n        \n        // 不支持\n        买入：(MA5 金叉 MA20 OR MACD 金叉) AND RSI < 70\n        买入：过去5根K线都是阳线\n      \n      \n        优点覆盖 80% 的常见量化策略结构规整，AI 生成稳定，优化器友好实现复杂度可控\n        限制不支持 OR 入场（卖出支持）不支持跨 K 线的时序条件","choice":"b","id":null,"timestamp":1778485194269}
{"type":"screen-added","file":"/Users/didi/code/trader/.superpowers/brainstorm/40359-1778484893/content/architecture-approaches.html"}
{"source":"user-event","type":"click","text":"A\n    \n      单 Next.js 服务 + pg-boss 任务队列\n      一个 Railway 服务跑所有东西，用 PostgreSQL 自带做任务队列\n      \n        Railway\n        \n          📦 next-app（Web + API + Worker 线程）\n          🗄️ PostgreSQL（数据 + 任务队列）\n        \n        \n        用户触发优化 → pg-boss 入队 → Next.js 内 Worker Thread 消费\n      \n      \n        优点最简单，一个服务搞定无需 Redis，成本低部署维护最省心\n        风险Worker Thread 与 Web 共享内存，优化器跑满 CPU 时影响响应速度单进程崩溃会中断进行中的优化任务","choice":"a","id":null,"timestamp":1778485449318}
{"source":"user-event","type":"click","text":"A\n    \n      单 Next.js 服务 + pg-boss 任务队列\n      一个 Railway 服务跑所有东西，用 PostgreSQL 自带做任务队列\n      \n        Railway\n        \n          📦 next-app（Web + API + Worker 线程）\n          🗄️ PostgreSQL（数据 + 任务队列）\n        \n        \n        用户触发优化 → pg-boss 入队 → Next.js 内 Worker Thread 消费\n      \n      \n        优点最简单，一个服务搞定无需 Redis，成本低部署维护最省心\n        风险Worker Thread 与 Web 共享内存，优化器跑满 CPU 时影响响应速度单进程崩溃会中断进行中的优化任务","choice":"a","id":null,"timestamp":1778485450623}
{"type":"screen-added","file":"/Users/didi/code/trader/.superpowers/brainstorm/40359-1778484893/content/design-section1-dsl.html"}
{"type":"screen-added","file":"/Users/didi/code/trader/.superpowers/brainstorm/40359-1778484893/content/design-section2-schema.html"}
{"type":"screen-added","file":"/Users/didi/code/trader/.superpowers/brainstorm/40359-1778484893/content/design-section3-architecture.html"}
{"type":"screen-added","file":"/Users/didi/code/trader/.superpowers/brainstorm/40359-1778484893/content/design-section4-ui.html"}
{"type":"screen-added","file":"/Users/didi/code/trader/.superpowers/brainstorm/40359-1778484893/content/waiting.html"}
{"type":"server-stopped","reason":"idle timeout"}
